The field "cli.appVersionSource" is not set, but it will be required in the future. Learn more: https://docs.expo.dev/build-reference/app-versions/
Resolved "production" environment for the build. Learn more: https://docs.expo.dev/eas/environment-variables/#setting-the-environment-for-your-builds
Environment variables with visibility "Plain text" and "Sensitive" loaded from the "production" environment on EAS: EXPO_PUBLIC_OPENAI_API_KEY, EXPO_PUBLIC_SUPABASE_ANON_KEY, EXPO_PUBLIC_SUPABASE_URL.

The field "cli.appVersionSource" is not set, but it will be required in the future. Learn more: https://docs.expo.dev/build-reference/app-versions/
✔ Using remote iOS credentials (Expo server)

Distribution Certificate is not validated for non-interactive builds.
Skipping Provisioning Profile validation on Apple Servers because we aren't authenticated.

Project Credentials Configuration

Project                   @walmerz/NeuroBloom
Bundle Identifier         com.neurobloom.app
                          
App Store Configuration   
                          
Distribution Certificate  
Serial Number             79137311DD81C778E22CECFB3B41AC7C
Expiration Date           Sat, 28 Nov 2026 14:10:03 EST
Apple Team                Y885MQBBP4 (Zachary Walmer (Individual))
Updated                   7 days ago
                          
Provisioning Profile      
Developer Portal ID       QGY6UF9675
Status                    active
Expiration                Sat, 28 Nov 2026 14:10:03 EST
Apple Team                Y885MQBBP4 (Zachary Walmer (Individual))
Updated                   7 days ago
                          
All credentials are ready to build @walmerz/NeuroBloom (com.neurobloom.app)

⠋ Computing project fingerprint⠙ Computing project fingerprint⠹ Computing project fingerprint⠸ Computing project fingerprint⠼ Computing project fingerprint⠴ Computing project fingerprint⠦ Computing project fingerprint⠧ Computing project fingerprint✔ Computed project fingerprint
Fastlane is not available, make sure it's installed and in your PATH
spawn fastlane ENOENT
Error: spawn fastlane ENOENT
    at ChildProcess._handle.onexit (node:internal/child_process:285:19)
    at onErrorNT (node:internal/child_process:483:16)
    at process.processTicksAndRejections (node:internal/process/task_queues:90:21)
npx -y eas-cli-local-build-plugin@1.0.243 eyJqb2IiOnsidHlwZSI6Im1hbmFnZWQiLCJwbGF0Zm9ybSI6ImlvcyIsInByb2plY3RBcmNoaXZlIjp7InR5cGUiOiJQQVRIIiwicGF0aCI6Ii92YXIvZm9sZGVycy9mai9zNGNuNzUzczJtYmM0OXM4dDAxdGQza2gwMDAwZ24vVC9lYXMtY2xpLW5vZGVqcy9lY2Q5OTQ4OC1jYzIzLTQ4NDAtYWEzMi1jNjNjZjU1YWU4YjEudGFyLmd6In0sInByb2plY3RSb290RGlyZWN0b3J5IjoiLiIsImJ1aWxkZXJFbnZpcm9ubWVudCI6eyJlbnYiOnt9fSwiY2FjaGUiOnsiZGlzYWJsZWQiOmZhbHNlLCJwYXRocyI6W10sImNsZWFyIjpmYWxzZX0sInNlY3JldHMiOnsiYnVpbGRDcmVkZW50aWFscyI6eyJOZXVyb0Jsb29tIjp7InByb3Zpc2lvbmluZ1Byb2ZpbGVCYXNlNjQiOiJNSUl2K0FZSktvWklodmNOQVFjQ29JSXY2VENDTCtVQ0FRRXhDekFKQmdVckRnTUNHZ1VBTUlJZ0JRWUpLb1pJaHZjTkFRY0JvSUlmOWdTQ0gvSThQM2h0YkNCMlpYSnphVzl1UFNJeExqQWlJR1Z1WTI5a2FXNW5QU0pWVkVZdE9DSS9QZ284SVVSUFExUlpVRVVnY0d4cGMzUWdVRlZDVEVsRElDSXRMeTlCY0hCc1pTOHZSRlJFSUZCTVNWTlVJREV1TUM4dlJVNGlJQ0pvZEhSd09pOHZkM2QzTG1Gd2NHeGxMbU52YlM5RVZFUnpMMUJ5YjNCbGNuUjVUR2x6ZEMweExqQXVaSFJrSWo0S1BIQnNhWE4wSUhabGNuTnBiMjQ5SWpFdU1DSStDanhrYVdOMFBnb0pQR3RsZVQ1QmNIQkpSRTVoYldVOEwydGxlVDRLQ1R4emRISnBibWMrZDJGc2JXVnllazVsZFhKdlFteHZiMjBnWWpjME9UWTNPVFpoWkdZMlpXUmpNR0ZoWlRGak1EQmlOVGt4TlRrek1UazhMM04wY21sdVp6NEtDVHhyWlhrK1FYQndiR2xqWVhScGIyNUpaR1Z1ZEdsbWFXVnlVSEpsWm1sNFBDOXJaWGsrQ2drOFlYSnlZWGsrQ2drOGMzUnlhVzVuUGxrNE9EVk5VVUpDVURROEwzTjBjbWx1Wno0S0NUd3ZZWEp5WVhrK0NnazhhMlY1UGtOeVpXRjBhVzl1UkdGMFpUd3ZhMlY1UGdvSlBHUmhkR1UrTWpBeU5TMHhNUzB5T0ZReE9Ub3lNRG94TUZvOEwyUmhkR1UrQ2drOGEyVjVQbEJzWVhSbWIzSnRQQzlyWlhrK0NnazhZWEp5WVhrK0Nna0pQSE4wY21sdVp6NXBUMU04TDNOMGNtbHVaejRLQ1FrOGMzUnlhVzVuUG5oeVQxTThMM04wY21sdVp6NEtDUWs4YzNSeWFXNW5QblpwYzJsdmJrOVRQQzl6ZEhKcGJtYytDZ2s4TDJGeWNtRjVQZ29KUEd0bGVUNUpjMWhqYjJSbFRXRnVZV2RsWkR3dmEyVjVQZ29KUEdaaGJITmxMejRLQ1R4clpYaytSR1YyWld4dmNHVnlRMlZ5ZEdsbWFXTmhkR1Z6UEM5clpYaytDZ2s4WVhKeVlYaytDZ2tKUEdSaGRHRStUVWxKUm5SNlEwTkNTaXRuUVhkSlFrRm5TVkZsVWs1NlJXUXlRbmd6YW1sTVQzbzNUekJIYzJaRVFVNUNaMnR4YUd0cFJ6bDNNRUpCVVhOR1FVUkNNVTFWVVhkUloxbEVWbEZSUkVSRWRFSmpTRUp6V2xOQ1dHSXpTbk5hU0dSd1drZFZaMUpIVmpKYVYzaDJZMGRXZVVsR1NteGlSMFl3WVZjNWRXTjVRa1JhV0Vvd1lWZGFjRmt5UmpCaFZ6bDFTVVZHTVdSSGFIWmpiV3d3WlZSRlRFMUJhMGRCTVZWRlEzZDNRMUo2VFhoRmVrRlNRbWRPVmtKQmIwMURhMFozWTBkNGJFbEZiSFZaZVRSNFEzcEJTa0puVGxaQ1FWbFVRV3hXVkUxQ05GaEVWRWt4VFZSRmVVOUVSVFZOVkVGM1RrWnZXRVJVU1RKTlZFVjVUMFJGTlUxVVFYZE5NVzkzWjFwSmVFZHFRVmxDWjI5S2EybGhTbXN2U1hOYVFVVkNSRUZ3V2s5RVp6RlVWa1pEVVd4Qk1FMVVhM2RPZDFsRVZsRlJSRVJFUW5CVlIyaDJZbTFWWjFKSGJIcGtTRXB3V1c1V01HRlhPWFZQYVVKaFdWZE9iMWxZU2pWSlJtUm9Za2N4YkdOcFFXOVhWR2MwVGxVeFVsRnJTbEZPUTJ0NFJYcEJVa0puVGxaQ1FYTk5RMnhyTkU5RVZrNVZWVXBEVlVSUmVFWjZRVlpDWjA1V1FrRnZUVVJzY0doWk1taG9ZMjVyWjFZeVJuTmlWMVo1VFZGemQwTlJXVVJXVVZGSFJYZEtWbFY2UTBOQlUwbDNSRkZaU2t0dldrbG9kbU5PUVZGRlFrSlJRVVJuWjBWUVFVUkRRMEZSYjBOblowVkNRVXBWZWpkcVFVWjJkaTl6YUhwWFUyaGxUVzB6ZDNoNldGbGxRbTlTVUdGTVkyRm1aMkozSzFvMFVVaHpiVmxvUVdvM1YxZHNlR3R4UzB4UFJsaEZRak5UUjJ0b1RGRlFiUzl4V0VzdloxUTVkVWRPZFc5eVlsUTNPSEZMZURreWNuaDFOMnBrWlZFdlVXNWpTekl4Vm5WNGNUSTJObXQ0VkRCS1RtRlJXa1k0V25Ca0szQnBkbkkwVHpCeVZIUkVWSFJMU2taTU1IaEhOV3RhTkRaR1pUSTBPRkZzZVU5ak5HbHphMWR2WWtvMmNtRlNZVWs0YldSb2EyRlpOa1JXWm5rNFEzWm1OMjFsWWxwbVpEaEphVk0xWTBwdmMweDRSMGxYYkdZM2JFNHZOMWxCT0ZSSlRqVjJTQ3RJWWpadGJYVjZibFZKTmpCemFYTnZVRWs0VlRWSVJUUkNlbU5tVUV3eU1WSkxaVzVRT1VNMFpHcHlPSEpCUm01Tk1DOWtaRXBtY21oalpqVklWVzg0VlZCdlowRm9iWFpWVEhOeE4xQkVkbnBJYW1GbWREWllaMUprZDFGamNUZEZNbloxY2tkVFUwbHhSVU5CZDBWQlFXRlBRMEZwVFhkblowbG1UVUYzUjBFeFZXUkZkMFZDTDNkUlEwMUJRWGRJZDFsRVZsSXdha0pDWjNkR2IwRlZRMlkzUVVaYVJEVnlNbEZMYTJoTE5VcHBhR3BFU21aemNEZEpkMk5CV1VsTGQxbENRbEZWU0VGUlJVVmFSRUpwVFVNd1IwTkRjMGRCVVZWR1FucEJRMmhwUm05a1NGSjNUMms0ZGxreVZubGtTRTExV1ZoQ2QySkhWWFZaTWpsMFRETmtNMXBJU201TmVUVnJXbGhKZDAxUldVbExkMWxDUWxGVlNFMUJSMGRLVjJnd1pFaEJOa3g1T1haWk0wNTNURzFHZDJOSGVHeE1iVTUyWWxNNWRsa3pUbmROUkUxMFpETmthMk50WTNwTlJFbDNaMmRGWlVKblRsWklVMEZGWjJkRlZrMUpTVUpGVkVORFFWRXdSME5UY1VkVFNXSXpXVEpSUmtGVVEwSXZla05DZDNkWlNVdDNXVUpDVVZWSVFXZEpkMmRpV1UxbllrNVRXbGQ0Y0ZsWE5XcGFVMEoyWW1sQ01HRkhiSHBKUjA1c1kyNVNjRnB0YkdwWldGSnNTVWRLTlVsSFJuVmxVMEozV1ZoS01HVlRRbWhqTTA0eFlsZFdla2xIUm1wWk1sWjNaRWRHZFZreVZXZGlNbGxuWkVkb2JFbElVbTlhVnpSbldWaENkMkpIYkdwWlYwcHpXbE5DZW1SSFJuVmFSMFo1V2tOQ01GcFlTblJqZVVKb1ltMVJaMWt5T1hWYVIyd3dZVmM1ZFdONVFuWmFhVUl4WXpKVmMwbEhUbXhqYmxKd1dtMXNhbGxZVW14SlNFSjJZa2RzYW1WVFFtaGliVkZuV1RKV2VXUkhiRzFoVjA1b1pFZHNkbUpwUW5kamJVWnFaRWRzYWxwVFFucGtSMFl3V2xjeGJHSnVVbnBNYWtFelFtZG5ja0puUlVaQ1VXTkRRVkpaY21GSVVqQmpTRTAyVEhrNU0yUXpZM1ZaV0VKM1lrZFZkVmt5T1hSTU1rNXNZMjVTY0ZwdGJHcFpXRkpzV1ZoV01HRkhPWGxoV0ZJMVRIcEJWMEpuVGxaSVUxVkNRV1k0UlVSRVFVdENaMmR5UW1kRlJrSlJZMFJCZWtGa1FtZE9Wa2hSTkVWR1oxRlZaR28yV0VWRWNIZHNXazloYW1NNFZtOHZZME5zYlZoUmFqTnJkMFJuV1VSV1VqQlFRVkZJTDBKQlVVUkJaMlZCVFVKTlIwTnBjVWRUU1dJeldUSlJSMEZSVVVKQlpqaEZRV2RWUVUxQk1FZERVM0ZIVTBsaU0wUlJSVUpEZDFWQlFUUkpRa0ZSUVVOSEszaDZVRWxrVkVWd1VVRm9VaklyVkVvNE1FWmtXWEp0VDFsclQzZ3libXhhTDJoSlJFZzBPV1ZyUkUxdmVUVlhiekZHYjNoVU9HZHlObHBGTTJ3MGJtTkJaRVJZWXpWRVVYVkhRalZhTWtoT1NGbE9WbmgwZEdRNFZrOXlUVlo1VTNCVVJVbzVWMFJzYkROYU9HdGtRMXBJT1hwdFpqWmtjVFZLWTFCd09XbHZiRUZ5ZVVoUFVuWTNSR2d4YTNwdGIwRklZMDFCZEZKNlNrWkdaVEYxYmxRM1QyMTJTbmswVEdSS1RUaDBUamhZYTI1ek1WUkpTakIyUW5wb1dUZDVRVXh0VkRGemRWUllSMHAwVTI1RlRXMWtXV2g2VDFKWFVXVm9LekUyVWtreFdXcGpOMnhRTW1zck1IbE5PR2RIU0VNcmVXZG5VMUJZYjBwNk1WazFkV1JIVm1Gc2JXaHpjR0ZqU1hkd0wyVkZkM1JZVVdOamJHOXVOelkwSzBGVGJWUlpjbVpEVVhjclVqTXpNbUYzVWpSS2FIa3dhREJMUTAwclRYZDNSMDFMV0RWS1NIWTNUakpoUjFSdU5XeEpUVFl3UEM5a1lYUmhQZ29KUEM5aGNuSmhlVDRLQ2drOGEyVjVQa1JGVWkxRmJtTnZaR1ZrTFZCeWIyWnBiR1U4TDJ0bGVUNEtDVHhrWVhSaFBrMUpTVTVoWjFsS1MyOWFTV2gyWTA1QlVXTkRiMGxKVGxkNlEwTkVWbU5EUVZGRmVFUlVRVXhDWjJ4bmFHdG5RbHBSVFVWQlowVjNaMmROY2tKbmEzRm9hMmxIT1hjd1FrSjNSMmRuWjAxalFrbEpSRWRFUjBOQmVGRjNSRUYzU0ZadFZubGpNbXgyWW1kSlFrRlVRVTVFUVdoUlZVWkdSR0ZIVm1waGQwVkNRVVJCVVVSQmNGVmhWekZzVmtjNVRXRllXbXhCWjBsQ1lrUkJWRVJCTlVwak1XaHFZakpTYkZSWFJuVlpWMlJzV2tGRlFrRkVRV0ZFUVdoVldsZEdkRlJ0Um5SYVVYZFBWMjFHYW1GSFJubGxVMEpZV1ZkNGRGcFlTWGRJVVhkTlVUTktiRmxZVW5CaU1qVkZXVmhTYkVaM01IbE9WRVY0VFdwbmVFOVVTWGROVkVKaFRVSTBUVVJzVW14WlZ6RktXa2RXZFdSSGJHMWhWMVo1VFVGM1RVTnNhelJQUkZaT1ZWVktRMVZFVVhkSWQzZFBVbGhvZDJGWVNtaGtSMngyWW10U2FHUkhWVmhFVkVreVRWUkZlVTlFUlRWTlZFRjNUVEZ2ZDBsQmQxaFZTRXAyV20xc2MxcFZVbkJqTTFKNVlWZEtNV1JIYkhaaWJGSTFZMGRWVFVKV1RsVlVNVXBHVFVORlRVTkdRbk5aV0ZKdFlqTktkRTFDVlUxQk1teFFWWGQzUldWSVNsQlZkM2RKWkcxc2VtRlhPWFZVTVUxM1MzZDNZbEZZUW5kaVIyeHFXVmhTY0dJeU5VcGFSMVoxWkVkc2JXRlhWbmxWU0Vwc1dtMXNORTFCZDAxRGJHczBUMFJXVGxWVlNrTlZSRkYzVEVGM1JWWldWa3BTUVhkclQwUlJOVnBVU20xT1JFMTBXbGRTYVU1NU1EQk9WMHByVEZSbmVVNVVaM1JaZWtacFRYcHNhazlFVlhkYWFtTXpUVVJ6VFVaVlVteGtiVlp6WWpOQ2JHTnJUbXhqYmxKd1dtMXNhbGxZVW14amVrRnBRa05EVFUxaVoyNTJVbFpwZEdabFYyZDVNeXRFVDAweE9TdHVWV1kwZUhrNFltRkpOM0Z1ZGlzeU0wOXpla0V2UkVGc1FtTklRa3BTUlRWb1lsZFZUVTF1WkdoaVJ6RnNZMjV3VDFwWVZubGlNRXB6WWpJNWRFbEhTVE5PUkdzeVRucHJNbGxYVW0xT2JWWnJXWHBDYUZsWFZYaFpla0YzV1dwVk5VMVVWVFZOZWtVMVRVVlJUVUpGTldoaVYxVk5VRU53WWxwWWFIZGlNVEJuV1RJNWRFeHROV3hrV0VwMldXMTRkbUl5TUhWWldFSjNTVVZHZDJOR1RqQmlNMHBzU1VSSmQwMXFWWFJOVkVWMFRXcG9WVTFVYXpaTmFrRTJUVVJyZFU1RWEzZFhha05DTjFGM1RWSlhOVEJoV0ZKeldsY3hiR0p1VW5walNVaGpRV2RGUW5OSlNGZE5SR05OUm0xR2QyTkhlSEJaTWtZd1lWYzVkVXhYYkd0YVZ6VXdZVmRhY0ZwWVNVMUlWbXMwVDBSV1RsVlZTa05WUkZGMVdUSTVkRXh0Tld4a1dFcDJXVzE0ZG1JeU1IVlpXRUozVFVKblRVVXlTbXhrUjBWMFkyMVdkMkl6U2pCamVURm9XVE5TY0dSdFZVSkJaamgzVFZGM2Fsa3lPWFJNYlVaM1kwZDRiRXh0VW14a2JWWnpZak5DYkdOcE5UQmFWMFowVEZkc2ExcFhOVEJoVjFwd1dsaEpUVU5zYXpSUFJGWk9WVlZLUTFWRVVYZEZkM2RQV2pKV01FeFlVbWhqTW5OMFdWZDRjMkl6WTBKQlVVRjNUMUYzVjJFeVZqVlpNbWhvWVZjMGRGbFhUbXBhV0U1NlRGZGtlV0l6Vm5kamVrRm1SRUY0V2s5RVp6RlVWa1pEVVd4Qk1FeHBiMDFFTWs1MllsTTFhR05JUW5OYVV6VXdZakowYkdKeFEwTkRSSGQzWjJkS1JFMUpTVUo1WVVGRVFXZEZRMEZuWjNSNFpubEpNSE5XVEd4VVFVdENaMmR4YUd0cVQxQlJVVVJCZWtKdVRWSnpkMGRSV1VSV1VWRkVSRUpLUW1OSVFuTmFVMEpUWWpJNU1FbEZUa0pKUXpCblVucE5lRXBxUVd0Q1owNVdRa0Z6VFVoVlJuZGpSM2hzU1VWT2JHTnVVbkJhYld4cVdWaFNjR0l5TkdkUldGWXdZVWM1ZVdGWVVqVk5VazEzUlZGWlJGWlJVVXRFUVhCQ1kwaENjMXBUUWtwaWJVMTFUVkZ6ZDBOUldVUldVVkZIUlhkS1ZsVjZRV1ZHZHpCNFRrUkJNRTE2UVhoUFJFVTFUVVJhWVVaM01IcFBWRUV3VFhwQmVFOUVSVFZOUkZwaFRVZGplRWQ2UVZwQ1owNVdRa0ZOVFVWclJuZGpSM2hzU1VaS2RtSXpVV2RSTUVWblRGTkNTRTE2UlcxTlExRkhRVEZWUlVOM2QyUlJXRUozWWtkVloxRXlWbmxrUjJ4dFlWZE9hR1JIYkhaaWFVSkNaRmhTYjJJelNuQmtTR3Q0UlhwQlVrSm5UbFpDUVc5TlEydEdkMk5IZUd4SlJXeDFXWGswZUVONlFVcENaMDVXUWtGWlZFRnNWbFJOU0ZsM1JVRlpTRXR2V2tsNmFqQkRRVkZaUmtzMFJVVkJRMGxFV1dkQlJXMVBhM1pRVlVKNWNFOHlWRWx1UzBKRmVIcGtSVXBZZUhoaFRrOWpaSGRWUm5SclR6VmhXVVpMYm1SclpURTVUMDlPVHpkSVJWTXhaaTlWWm5ScVNtbFlZMjV3YUVaMFVFMUZPRkpYWjBRNVYwWm5UWEJtVlZCTVJUQklVbmhPTVRKd1pWaHNNamg0V0U4d2NtNVljMmRQT1drMVZrNXNaVzFoVVRaVlVXOTRiekJKZDFGRVFXUkNaMDVXU0ZFMFJVWm5VVlYxTjBSbGIxWm5lbWxLY1d0cGNHNWxkbkl6Y25JNWNreEtTM04zUkhkWlJGWlNNRlJCVVVndlFrRlZkMEYzUlVJdmVrRlBRbWRPVmtoUk9FSkJaamhGUWtGTlEwRlJXWGREWjFsSlMyOWFTWHBxTUVWQmQwMUVZVUZCZDFwUlNYaEJTVkJ3ZDJOUlYxaG9jR1JPUW1wYU4yVXZNR0pCTkVGU2EzVTBNemRLUjBWalZWQXZaVm8yYWt0SGJXRTROME5CT1ZOak9WcFFSMlJNYUhFek5tOXFSbEZKZDJKWFlVdEZUWEpWUkdSU1VIcFpNVVJRY2xOTFdUWlZlbUoxVG5ReWFHVXpXa0l2U1ZWNVlqVnBSMG93VDFGeldGYzRkRkp4UVhwdlIwRlFibTl5U1c5TlNVbEROV3BEUTBGdE1tZEJkMGxDUVdkSlNVMTNNM1VyVERsTllVTTBkME5uV1VsTGIxcEplbW93UlVGM1RYZGFla1ZpVFVKclIwRXhWVVZCZDNkVFVWaENkMkpIVldkVmJUbDJaRU5DUkZGVFFYUkpSV042VFZOWmQwcEJXVVJXVVZGTVJFSXhRbU5JUW5OYVUwSkVXbGhLTUdGWFduQlpNa1l3WVZjNWRVbEZSakZrUjJoMlkyMXNNR1ZVUlZSTlFrVkhRVEZWUlVObmQwdFJXRUozWWtkVloxTlhOV3BNYWtWTVRVRnJSMEV4VlVWQ2FFMURWbFpOZDBob1kwNU5WR04zVFdwSmVVMXFTWGxOZWtsNVYyaGpUazE2U1hkTmFrVTBUVVJCZDAxRVFYZFhha0o1VFZOWmQwcEJXVVJXVVZGRVJFSXhRbU5JUW5OYVUwSlVaVmhPTUZwWE1HZFRWelV3V2xka2VWbFlVbkJpTWpSblVUQkZaMDVFUlcxTlExRkhRVEZWUlVOM2QyUlJXRUozWWtkVloxRXlWbmxrUjJ4dFlWZE9hR1JIYkhaaWFVSkNaRmhTYjJJelNuQmtTR3Q0UlhwQlVrSm5UbFpDUVc5TlEydEdkMk5IZUd4SlJXeDFXWGswZUVONlFVcENaMDVXUWtGWlZFRnNWbFJOUm10M1JYZFpTRXR2V2tsNmFqQkRRVkZaU1V0dldrbDZhakJFUVZGalJGRm5RVVZDYlhWclZtMDVPVzU1WmxKNmFtRlBhMmgwVjNwV1VUSmFSWEpLYkVkcFdpdHphMmRtZFV3eFYwRXZZelJ0Y25KSFZXTjJUSFU0TjNCQlJ6QkJVazVGWmtadmJYSmhRMk5MVTFkTE5XVlpSMkl3T1RoWGNVOUNPWHBEUWpsRVFWQkNaMDVXU0ZKTlFrRm1PRVZDVkVGRVFWRklMMDFDT0VkQk1WVmtTWGRSV1UxQ1lVRkdUSFYzTTNGR1dVMDBhV0Z3U1hGYU0zSTJPVFkyTDJGNWVWTnlUVVZaUjBORGMwZEJVVlZHUW5kRlFrSkViM2RQUkVFeVFtZG5ja0puUlVaQ1VXTjNRVmxaY1dGSVVqQmpSRzkyVERJNWFtTXpRWFZaV0VKM1lrZFZkVmt5T1hSTU1qbHFZek5CZDAxNU1XaGpTRUp6V2xoS2RtSXpVbXBaVjJONlRVUmpSMEV4VldSSWQxRjNUVU0wZDB4TFFYRnZRMmxIU20xb01HUklRVFpNZVRscVkyMTNkVmxZUW5kaVIxVjFXVEk1ZEV3eVJuZGpSM2hzWTIwNWRtUkhUbWhhZWsxMVdUTktjMDFDTUVkQk1WVmtSR2RSVjBKQ1VqWlNOMjgwYVdoVmExTkRTa2Q2WWpaUVIybFNOMDVCVFhGaFZFRlBRbWRPVmtoUk9FSkJaamhGUWtGTlEwRlJXWGRGUVZsTFMyOWFTV2gyWkdwYVFWbERSVkZSUTBKUlFYZERaMWxKUzI5YVNYcHFNRVZCZDAxRVduZEJkMXBCU1hkR1VYbHdhbk5oZG14dGJISndOUzlrV0U1UlJGZFhlWFZWZEZKbmVHOTBNalJNWmtadmRrVktaazlEWVRReWRYZzBNM2Q0ZUVOa05uQTBOa292WVhRelFXcENhRTE1UkhoTFppODFhSHBMZFV0amFHdFFXRm8zVldGVVUwRnBPVEoyYlVGcGEyWklWazl1V0dOMFQweEhTM0JpSzNobmJtTlRheTlXU2xCRU9IbHlTWGRuWjAxSVRVbEpRM0poUVVSQlowVkRRV2RuV0dkTFp6QmFiVlJ4ZVhwQlMwSm5aM0ZvYTJwUFVGRlJSRUZxUW5sTlUxbDNTa0ZaUkZaUlVVUkVRakZDWTBoQ2MxcFRRbFJsV0U0d1dsY3daMU5YTlRCYVYyUjVXVmhTY0dJeU5HZFJNRVZuVGtSRmJVMURVVWRCTVZWRlEzZDNaRkZZUW5kaVIxVm5VVEpXZVdSSGJHMWhWMDVvWkVkc2RtSnBRa0prV0ZKdllqTktjR1JJYTNoRmVrRlNRbWRPVmtKQmIwMURhMFozWTBkNGJFbEZiSFZaZVRSNFEzcEJTa0puVGxaQ1FWbFVRV3hXVkUxQ05GaEVWRWt3VFZSRmVVMUVRWHBOYWtFd1RsWnZXRVJVU1RSTlZFbDRUa1JGTkUxRVFYcE5SbTkzVkdwRmNVMURaMGRCTVZWRlFYZDNhRll4WkVWVmFVSlJZMjA1TW1GWVRuQmlNalZ3WW0xaloxVklTblphYld4eldsTkNWR0ZYWkhWaFZ6VnVUVkpOZDBWUldVUldVVkZMUkVGd1FtTklRbk5hVTBKS1ltMU5kVTFSYzNkRFVWbEVWbEZSUjBWM1NsWlZla0phVFVKTlIwSjVjVWRUVFRRNVFXZEZSME5EY1VkVFRUUTVRWGRGU0VFd1NVRkNVRmRWVjNjM1FqRkdVUzlIWkRWSFdVTldabEJ2TkhCNk1uaFFhemxWWTNRek1qSlZiRGhtTkdaMGFrRmlTME5ITm1sb1ZISlVWRGRsT1ZkMVVtWlZiVTB4WjNRNE5VOXhZbU0yVmpOYVZEWkVUa1J5TXpKcVoyZEdVRTFKU1VKVGVrRk5RbWRPVmtoU1RVSkJaamhGUVdwQlFVMUNPRWRCTVZWa1NYZFJXVTFDWVVGR1NIQklkV3BwUzBaVFVrbEphMkpPZG04NFlVcEljekJCZVhCd1RVVkZSME5EYzBkQlVWVkdRbmRGUWtKRVZYZE5la0Y0UW1kbmNrSm5SVVpDVVdOM1FWbFpiR0ZJVWpCalJHOTJUREk1YW1NelFYVlpXRUozWWtkVmRWa3lPWFJNTWpscVl6TkJkMDE1TVdoak1teHFXVlJSZDAxNlEwSnNaMWxFVmxJd1owSkpSMDlOU1VkTVRVbEhTVUpuYTNGb2EybEhPVEpPYTBKUlJYZGxla0kxUW1kbmNrSm5SVVpDVVdORFFXcENkRVJIZEZWaFIyeDZTVWRPYkdOdVVuQmFiV3hxV1ZoU2JFbEhiSHBKU0ZKMlNVZEtiRWxJVm5wYVYxRm5XbGhvYW1KSVZucGhXRnBzWWtocloxcHRPWGxKUjFveFltMU9NR0ZYT1hWamVVSndZbTVTYkdOdE5XaGlRMEl3WW5sQ1FtTklRbk5hVTBKUlkyMDVhMlJYVGpCamVVSm9ZbTFSZG1JelNXZFJXRUozWWtkVloyTklTblpaTWxaNll6Sldla3hxUVdSQ1owNVdTRkUwUlVablVWVTJWa3hQUkdKRVIybENjR3hUY21saVJWa3ZlRE5DTlVoR1NIZDNSR2RaUkZaU01GQkJVVWd2UWtGUlJFRm5aVUZOUVRoSFExTnhSMU5KWWpOWk1sRk5SWGRSUTBKUlFYZERaMWxKUzI5YVNYcHFNRVZCZDBsRVUwRkJkMUpSU1doQlR5dGhka1l5WjFkdFduTmFURzVPVGpWUGNGVTNVVE40WTJSek5GbFFOa1o0Y21WRGVqTlhjVEpvYlVGcFFqUkpPVzVFYVVGa1NsQm1XRGRwV1N0UllteHFaMVkxT1dvdk1XcG9NVzg1WTIxSFVGZFBhalF2YmxSSFEwRmtTWGRuWjBoUFFXZEZRazFJTkhkamFrVnRUVU5SUjBFeFZVVkJkM2RrVVZoQ2QySkhWV2RWTTJ4NlpFZFdkRWxGYkhWa1IxWnVZMjFHTUdGWE9YVkpSVTVDU1VSUmVFcHFRV3RDWjA1V1FrRnpUVWhWUm5kalIzaHNTVVZPYkdOdVVuQmFiV3hxV1ZoU2NHSXlOR2RSV0ZZd1lVYzVlV0ZZVWpWTlVrMTNSVkZaUkZaUlVVdEVRWEJDWTBoQ2MxcFRRa3BpYlUxMVRWRnpkME5SV1VSV1VWRkhSWGRLVmxWM1NVbEdORU52VGtkYWF6WnpjM2REZDFsS1dVbGFTVUZYVlVSQ1FVbENiMGxJYmsxQ1owZERVM0ZIVTBsaU0wUlJSVXBCZWtWTVFtZHJjV2hyYVVjNWR6QkNRbmRGZDBoQldVcExiMXBKYUhaalRrRlJhMFpOVVRoWVJGUkpNVTFVUlhsUFJFVTFUV3BCZUUxR2IzZExRVmxLUzI5YVNXaDJZMDVCVVdzd1RWSnpkMGRVUVV4Q1oyeG5hR3RuUWxwUlRVVkJaMGRvUTJkWlNVdHZXa2w2YWpCRlFYZEpkMHgzV1VwTGIxcEphSFpqVGtGUmEwVk5VMGxGU1VOQ1ozcGlWR1JDWm1sTU1FWXpVRWRDZVZGVU1FWnpkVFJ0VldKd1ZFaG1jbFpOVFZkTFQycHBSalJOUmtsSFExTnhSMU5KWWpORVVVVktSSHBHUmsxRlRYZERaMWxKUzI5YVNXaDJZMDVCZDJOM1JHZFpTVXR2V2tsb2RtTk9RWGRKUTBGblEwRk5RVEJIUTBOeFIxTkpZak5FVVUxRFFXZEdRVTFCWTBkQ1UzTlBRWGRKU0UxQk1FZERRM0ZIVTBsaU0wUlJUVU5CWjBWdlRVRnZSME5EY1VkVFRUUTVRa0ZOUTBKRldYZFNRVWxuUkhKalQxWTBUWHA1Tm1kWlZsbDFabVE0UjJKTVNtZGtUSGQwUzNobGJXaHlTMnh4VFZkMlVYQnBhME5KUlZsVGVqZzJXa1pzYlc0MFZVTlJRbUZXVDI5WE0wYzJVVk5DYnpCNk5VRm1RalJ2Y2tWcE4zZHZjend2WkdGMFlUNEtDUWtKQ1FrSkNRa0pDUWtKQ2drSkNUeHJaWGsrVUZCUlEyaGxZMnM4TDJ0bGVUNEtDVHhtWVd4elpTOCtDZ29KUEd0bGVUNUZiblJwZEd4bGJXVnVkSE04TDJ0bGVUNEtDVHhrYVdOMFBnb0pDVHhyWlhrK1ltVjBZUzF5WlhCdmNuUnpMV0ZqZEdsMlpUd3ZhMlY1UGdvSkNUeDBjblZsTHo0S0NRa0pDUW9KQ1FrSlBHdGxlVDVoY0hCc2FXTmhkR2x2YmkxcFpHVnVkR2xtYVdWeVBDOXJaWGsrQ2drSlBITjBjbWx1Wno1Wk9EZzFUVkZDUWxBMExtTnZiUzV1WlhWeWIySnNiMjl0TG1Gd2NEd3ZjM1J5YVc1blBnb0pDUWtKQ2drSkNRazhhMlY1UG10bGVXTm9ZV2x1TFdGalkyVnpjeTFuY205MWNITThMMnRsZVQ0S0NRazhZWEp5WVhrK0Nna0pDUWs4YzNSeWFXNW5QbGs0T0RWTlVVSkNVRFF1S2p3dmMzUnlhVzVuUGdvSkNRa0pQSE4wY21sdVp6NWpiMjB1WVhCd2JHVXVkRzlyWlc0OEwzTjBjbWx1Wno0S0NRazhMMkZ5Y21GNVBnb0pDUWtKQ2drSkNRazhhMlY1UG1kbGRDMTBZWE5yTFdGc2JHOTNQQzlyWlhrK0Nna0pQR1poYkhObEx6NEtDUWtKQ1FvSkNRa0pQR3RsZVQ1amIyMHVZWEJ3YkdVdVpHVjJaV3h2Y0dWeUxuUmxZVzB0YVdSbGJuUnBabWxsY2p3dmEyVjVQZ29KQ1R4emRISnBibWMrV1RnNE5VMVJRa0pRTkR3dmMzUnlhVzVuUGdvSkNRb0pQQzlrYVdOMFBnb0pQR3RsZVQ1RmVIQnBjbUYwYVc5dVJHRjBaVHd2YTJWNVBnb0pQR1JoZEdVK01qQXlOaTB4TVMweU9GUXhPVG94TURvd00xbzhMMlJoZEdVK0NnazhhMlY1UGs1aGJXVThMMnRsZVQ0S0NUeHpkSEpwYm1jK0tsdGxlSEJ2WFNCamIyMHVibVYxY205aWJHOXZiUzVoY0hBZ1FYQndVM1J2Y21VZ01qQXlOUzB4TVMweU9GUXhPVG95TURvd09TNDBPVEJhUEM5emRISnBibWMrQ2drOGEyVjVQbFJsWVcxSlpHVnVkR2xtYVdWeVBDOXJaWGsrQ2drOFlYSnlZWGsrQ2drSlBITjBjbWx1Wno1Wk9EZzFUVkZDUWxBMFBDOXpkSEpwYm1jK0NnazhMMkZ5Y21GNVBnb0pQR3RsZVQ1VVpXRnRUbUZ0WlR3dmEyVjVQZ29KUEhOMGNtbHVaejVhWVdOb1lYSjVJRmRoYkcxbGNqd3ZjM1J5YVc1blBnb0pQR3RsZVQ1VWFXMWxWRzlNYVhabFBDOXJaWGsrQ2drOGFXNTBaV2RsY2o0ek5qUThMMmx1ZEdWblpYSStDZ2s4YTJWNVBsVlZTVVE4TDJ0bGVUNEtDVHh6ZEhKcGJtYytPRFE1WlRKbU5ETXRaV1JpTnkwME5XSmtMVGd5TlRndFl6RmlNemxqT0RVd1pqYzNQQzl6ZEhKcGJtYytDZ2s4YTJWNVBsWmxjbk5wYjI0OEwydGxlVDRLQ1R4cGJuUmxaMlZ5UGpFOEwybHVkR1ZuWlhJK0Nqd3ZaR2xqZEQ0S1BDOXdiR2x6ZEQ2Z2dnMC9NSUlFTkRDQ0F4eWdBd0lCQWdJSVBWbjROK3JSMko4d0RRWUpLb1pJaHZjTkFRRUxCUUF3Y3pFdE1Dc0dBMVVFQXd3a1FYQndiR1VnYVZCb2IyNWxJRU5sY25ScFptbGpZWFJwYjI0Z1FYVjBhRzl5YVhSNU1TQXdIZ1lEVlFRTERCZERaWEowYVdacFkyRjBhVzl1SUVGMWRHaHZjbWwwZVRFVE1CRUdBMVVFQ2d3S1FYQndiR1VnU1c1akxqRUxNQWtHQTFVRUJoTUNWVk13SGhjTk1qUXhNakUyTVRreU1UQXhXaGNOTWpreE1qRXhNVGd4TXpVNVdqQlpNVFV3TXdZRFZRUUREQ3hCY0hCc1pTQnBVR2h2Ym1VZ1QxTWdVSEp2ZG1semFXOXVhVzVuSUZCeWIyWnBiR1VnVTJsbmJtbHVaekVUTUJFR0ExVUVDZ3dLUVhCd2JHVWdTVzVqTGpFTE1Ba0dBMVVFQmhNQ1ZWTXdnZ0VpTUEwR0NTcUdTSWIzRFFFQkFRVUFBNElCRHdBd2dnRUtBb0lCQVFEUWt6R3IrRk1lMzYwZUwyVDN5VTNYbHI1ZlN6MTVaRnhEN2luRFFOTDZMeHlndHJ3UmMrL3dJckRmM3ZuNXpsWGo5VUlCdFNObFFSSTc5M3hHZllrVFJaVkU3SmFWWW1hWGtBTUEyZUN1eGRteG5DQXRsdUNGN1c5cjAxTFRnenpVQVNNbDZlWEcxQkhZZWFvSXd0MFZXUFh2aXBOTERVdnVEYmFIazNVUkVGWExESGdIMnpkd1JqdVgrc1RyZUNuZzlPeDQ0MkhhUUZlQUI3dUluS1hIU1czSUp0T1ZIMDBob28xb2M0TWU1bGxhaFpaVlZMQ1ZMaVhjZHcxaGg0R05pYVFEZXp3QWR5eUphbG5UWkVUWmRLVmJpckZTWVY5dUJERFU4K0lRTkF5VmpFdmhlOVlyaFlQeUp6bU5jQWdqNGhTSS81UDBMVzFNSnVLTE40WXRBZ01CQUFHamdlVXdnZUl3REFZRFZSMFRBUUgvQkFJd0FEQWZCZ05WSFNNRUdEQVdnQlJ2OFpVWVlsemd5UEhGN1d3WXllRFRaRktZSURCQUJnZ3JCZ0VGQlFjQkFRUTBNREl3TUFZSUt3WUJCUVVITUFHR0pHaDBkSEE2THk5dlkzTndMbUZ3Y0d4bExtTnZiUzl2WTNOd01ETXRZV2x3WTJFd056QXZCZ05WSFI4RUtEQW1NQ1NnSXFBZ2hoNW9kSFJ3T2k4dlkzSnNMbUZ3Y0d4bExtTnZiUzloYVhCallTNWpjbXd3SFFZRFZSME9CQllFRkx5MXhlbTkvTXZRbnR5VXNCNzRJWlJjL3drdU1BNEdBMVVkRHdFQi93UUVBd0lIZ0RBUEJna3Foa2lHOTJOa0Jqb0VBZ1VBTUEwR0NTcUdTSWIzRFFFQkN3VUFBNElCQVFBeU5NTHBkNnBmNE1iS292TjNXZWVLWjdqeFVmUDdzUGFYdjdFUm8rR2hQTHNqa3VrU2s2SnhIYnp4bW5GdnBEeHZOcEsyNEVlQ29wUGo1N2lQdTk4bFJHSUN6ODI4OS91TmlnbHdlR1hDR1UwbHkzSmlJZVNwYVBrUW1pNTZEeWkrcGdNRzBWVmhINjk4K0pUVWNRN2kweVZVaTg2dDFXZ0hXNzB0ZThkaVJYbTVxWWRNK0JnN2dLNFFTM0hZZUN2bUNxK2E1OWxOek9wYnQ2T1hWV3ZzRGFCNHg4Q3d6OHZjRUV3d2toTnhsTmF2NE96SjZjbWJ6aVV5N2hFTklSY2tpL0dWTGlKaVJrVi80TnZYRmxUQnVUN1Qyb3E1WmZhMHRDTi9lRjNaY25aa1k2Y0lWY2ZadDVUYkk3L3prNmZVQkVSRERjcmlWcklybENpa1BYS0hNSUlFUkRDQ0F5eWdBd0lCQWdJSVhHUEs1RW8zVThrd0RRWUpLb1pJaHZjTkFRRUxCUUF3WWpFTE1Ba0dBMVVFQmhNQ1ZWTXhFekFSQmdOVkJBb1RDa0Z3Y0d4bElFbHVZeTR4SmpBa0JnTlZCQXNUSFVGd2NHeGxJRU5sY25ScFptbGpZWFJwYjI0Z1FYVjBhRzl5YVhSNU1SWXdGQVlEVlFRREV3MUJjSEJzWlNCU2IyOTBJRU5CTUI0WERURTNNRFV4TURJeE1qY3pNRm9YRFRNd01USXpNVEF3TURBd01Gb3djekV0TUNzR0ExVUVBd3drUVhCd2JHVWdhVkJvYjI1bElFTmxjblJwWm1sallYUnBiMjRnUVhWMGFHOXlhWFI1TVNBd0hnWURWUVFMREJkRFpYSjBhV1pwWTJGMGFXOXVJRUYxZEdodmNtbDBlVEVUTUJFR0ExVUVDZ3dLUVhCd2JHVWdTVzVqTGpFTE1Ba0dBMVVFQmhNQ1ZWTXdnZ0VpTUEwR0NTcUdTSWIzRFFFQkFRVUFBNElCRHdBd2dnRUtBb0lCQVFESlJXb0JEejZEQkliSC9ML2NYdkFlZ2U0WE1ITmpKaTdlUFhva3paTStUemxIdW5XKzg4RFM4Vm1pcXgvK0NvWTgyUzJhQi9JT2E3a3BrUnBmSWdxTDhYSllCYTVNUzBURmVhZUFQTENJNEl3TUo0UmRHZVdIR1RiTDQ4VjJ0N0QwUVhKUjlBVmNnMHVpYmFaUnVQRW0zM3RlcldVTXhyS1lVWXk3ZlJ0TXdVN0lDTWZTN1dRTHROMGJqVTlBZlJ1UFNKYVNXL1BRbUg3WnZLUVpEcGxodTBGZEFjeGJkM3A5Sk5EYzAxUC93OXpGbEN5MldrMk9HQ001dmRuR1VqN1I4dlFsaXFFcWgvM1lERVlwVWYvdEYyeUpKV3VIdjRwcEZKOTNuOE1WdDJpemlFVzloT1lHQWtGa0Q2MHFLTGdWeWVDc3A0cTZjZ1Ewc25pTStMS0ZBZ01CQUFHamdld3dnZWt3RHdZRFZSMFRBUUgvQkFVd0F3RUIvekFmQmdOVkhTTUVHREFXZ0JRcjBHbEhsSFlKL3ZScmpTNUFwdmRIVFg4SVhqQkVCZ2dyQmdFRkJRY0JBUVE0TURZd05BWUlLd1lCQlFVSE1BR0dLR2gwZEhBNkx5OXZZM053TG1Gd2NHeGxMbU52YlM5dlkzTndNRE10WVhCd2JHVnliMjkwWTJFd0xnWURWUjBmQkNjd0pUQWpvQ0dnSDRZZGFIUjBjRG92TDJOeWJDNWhjSEJzWlM1amIyMHZjbTl2ZEM1amNtd3dIUVlEVlIwT0JCWUVGRy94bFJoaVhPREk4Y1h0YkJqSjROTmtVcGdnTUE0R0ExVWREd0VCL3dRRUF3SUJCakFRQmdvcWhraUc5Mk5rQmdJU0JBSUZBREFOQmdrcWhraUc5dzBCQVFzRkFBT0NBUUVBT3Mrc21JMitraUFoQ2EyVjg3RmNJZm8yTFZjZ1JIUnpaSklJczVhczkyMlgrbHMwT0NmUEVrYlRQQkh3QjhtWmtMSFI2QkVKcGVPbGEyeGpDRCtlSmZyVm1aeE01dVhPanJKTmFPeUxxNk9pVDRvUkZUN2NGQ3NjeGtTMmIyZkZXMCtWS1MySFhEL2NneDUzVCszYVZLY3Q1eE9Cd1dQRVZBc2JTd3BxS0NJSTFEZVNmSDluS0YrdlBUKzNyRmtkT0RSa1d1NHpTaGxDUkNuRXloaHI0Y0ZUTFMzMFRjSVY5ak15R0hqeEptK0tUZXVVVEtQby93K3pBNHRsMnVzdTJHVlFuOXlmaXQ4eHFJUlUzRkpTUWRLeUV4MHhSa2VJWHo3dXcvS01Jd1NWNjZ5S1BvSnNCcDh1NDR0RG1tSmJOQTMwbWM4czdycHloaGtqcGZ5T3RUQ0NCTHN3Z2dPam9BTUNBUUlDQVFJd0RRWUpLb1pJaHZjTkFRRUZCUUF3WWpFTE1Ba0dBMVVFQmhNQ1ZWTXhFekFSQmdOVkJBb1RDa0Z3Y0d4bElFbHVZeTR4SmpBa0JnTlZCQXNUSFVGd2NHeGxJRU5sY25ScFptbGpZWFJwYjI0Z1FYVjBhRzl5YVhSNU1SWXdGQVlEVlFRREV3MUJjSEJzWlNCU2IyOTBJRU5CTUI0WERUQTJNRFF5TlRJeE5EQXpObG9YRFRNMU1ESXdPVEl4TkRBek5sb3dZakVMTUFrR0ExVUVCaE1DVlZNeEV6QVJCZ05WQkFvVENrRndjR3hsSUVsdVl5NHhKakFrQmdOVkJBc1RIVUZ3Y0d4bElFTmxjblJwWm1sallYUnBiMjRnUVhWMGFHOXlhWFI1TVJZd0ZBWURWUVFERXcxQmNIQnNaU0JTYjI5MElFTkJNSUlCSWpBTkJna3Foa2lHOXcwQkFRRUZBQU9DQVE4QU1JSUJDZ0tDQVFFQTVKR3BDUitSMng1SFVPc0Y3VjU1aEMzck5xSlhURlhzaXhtSjN2bExiUFVIcXlJd0F1Z1lQdmhRQ2ROL1FhaVkrZEhLWnB3a2F4SFFvN3ZrR3lyREg1V2VlZ3lrUjR0YjFCWTNNOHZFRDAzT0ZHblJ5Umx5OVYwTzFYOWZtL0lsQTdwVmowMWREZkZrTlNNVlN4VlpIYk9VOS9hY25zOVF1c0ZZVUdlUENMUWc5OHVzTENCdmNMWS9BVENNdDBQUEQ1MDk4eXRKS0JySS9zNjF1UTdaWGh6V3l6MjFPcTMwRHc0QWtndXhJUll1ZE5VOERkdGlGcXVqY1pKSFUxWEJyeTlCcy9qNzQzRE41cU5NUlg0ZlRHdFFsa0dKeEhSaUN4Q0RRWWN6aW9HeE1GanNXZ1F5akdpemp4M2VaWFAvWjE1bHZFbllkcDh6RkdXaGQ1VEpMUUlEQVFBQm80SUJlakNDQVhZd0RnWURWUjBQQVFIL0JBUURBZ0VHTUE4R0ExVWRFd0VCL3dRRk1BTUJBZjh3SFFZRFZSME9CQllFRkN2UWFVZVVkZ24rOUd1TkxrQ205MGROZndoZU1COEdBMVVkSXdRWU1CYUFGQ3ZRYVVlVWRnbis5R3VOTGtDbTkwZE5md2hlTUlJQkVRWURWUjBnQklJQkNEQ0NBUVF3Z2dFQUJna3Foa2lHOTJOa0JRRXdnZkl3S2dZSUt3WUJCUVVIQWdFV0htaDBkSEJ6T2k4dmQzZDNMbUZ3Y0d4bExtTnZiUzloY0hCc1pXTmhMekNCd3dZSUt3WUJCUVVIQWdJd2diWWFnYk5TWld4cFlXNWpaU0J2YmlCMGFHbHpJR05sY25ScFptbGpZWFJsSUdKNUlHRnVlU0J3WVhKMGVTQmhjM04xYldWeklHRmpZMlZ3ZEdGdVkyVWdiMllnZEdobElIUm9aVzRnWVhCd2JHbGpZV0pzWlNCemRHRnVaR0Z5WkNCMFpYSnRjeUJoYm1RZ1kyOXVaR2wwYVc5dWN5QnZaaUIxYzJVc0lHTmxjblJwWm1sallYUmxJSEJ2YkdsamVTQmhibVFnWTJWeWRHbG1hV05oZEdsdmJpQndjbUZqZEdsalpTQnpkR0YwWlcxbGJuUnpMakFOQmdrcWhraUc5dzBCQVFVRkFBT0NBUUVBWERhWlRDMTR0KzJNbTl6emQ1dnlkdEozTUUvQkg0V0RoUnVaUFVjMzhxbWJRSTRzMUxHUUV0aSs5SE9iN3RKa0Q4dDVUelRZb2o3NWVQOXJ5QWZzZlRtRGkxTWcwempFc2IrYVR3cHIveXY4V2FjRkNYd1hRRllSSG5UVHQ0c2pPMGVqMVc4azR1dlJ0M0RmRDBYaEo4cnhiWGp0NTdVWEY2amNmaUkxeWlYVjJRL1dhOVNpSkNNUjk2R3NqM09CWU1ZYld3a3Zrckw0UkVqd1lEaWVGZlU5Sm1jZ2lqTnE5dzJDejk3cm95LzVVMnBiWk1Cak0zZjNPZ2NzVnV2YUR5RU8ycnB6R1UrMTJUWi93WWRWMmFlWnVUSkMrOWpWY1o1K29WSzNHNzJUUWlRU0tzY1BIYlpObkY1anlFdUFGMUNxaXRYYTVQelFDUWMzc0hWMUlUR0NBb1V3Z2dLQkFnRUJNSDh3Y3pFdE1Dc0dBMVVFQXd3a1FYQndiR1VnYVZCb2IyNWxJRU5sY25ScFptbGpZWFJwYjI0Z1FYVjBhRzl5YVhSNU1TQXdIZ1lEVlFRTERCZERaWEowYVdacFkyRjBhVzl1SUVGMWRHaHZjbWwwZVRFVE1CRUdBMVVFQ2d3S1FYQndiR1VnU1c1akxqRUxNQWtHQTFVRUJoTUNWVk1DQ0QxWitEZnEwZGlmTUFrR0JTc09Bd0lhQlFDZ2dkd3dHQVlKS29aSWh2Y05BUWtETVFzR0NTcUdTSWIzRFFFSEFUQWNCZ2txaGtpRzl3MEJDUVV4RHhjTk1qVXhNVEk0TVRreU1ERXdXakFqQmdrcWhraUc5dzBCQ1FReEZnUVVCUkNDQjN6bldybFBwTnIwcDhxSnMrbGdHVU13S1FZSktvWklodmNOQVFrME1Sd3dHakFKQmdVckRnTUNHZ1VBb1EwR0NTcUdTSWIzRFFFQkFRVUFNRklHQ1NxR1NJYjNEUUVKRHpGRk1FTXdDZ1lJS29aSWh2Y05Bd2N3RGdZSUtvWklodmNOQXdJQ0FnQ0FNQTBHQ0NxR1NJYjNEUU1DQWdGQU1BY0dCU3NPQXdJSE1BMEdDQ3FHU0liM0RRTUNBZ0VvTUEwR0NTcUdTSWIzRFFFQkFRVUFCSUlCQUFzbWs5bzYxclcvcGE4K2hBRGdWMnhKdUpKYXBYcnVPVlBGSmdEeThDSFR0L3NYbVJjY1JaUWsySWdVRmVvZU5kTUFZZXd6NnFYcFl2T01FVjlZQU9RcFBHTzBic1dtcXdpNm5Xc2pqVTNDamNDbkRGVTE5Si9uMHk2aUVUajJraWpTTVBnN2d2ZXlRc1gzVGhwTk5yc0o5cUNockc0dy9OTHpBYVRySm1rT3VTaEJHcEp5VDY0RVJDd1R2Zi8xcXcrNVl5Zlk4TkxyeG43ZHZmUEFFcC8xVEFsS1VNdEdzMzV3NnEzZ3duNkdSNjY2OG9JQURWK0RXTVBEOWZOV1hqYWdCWlVobkdZM3h5Rmh6blZzOVEydUM3WVp4MUJMclh3c3Z5Yjg5TjdOOTdhaHJGVjhDMy8xUzd3a3VtbEd2Z2FoOVdRekU5TzZNWXRKRm5Kcm8yTT0iLCJkaXN0cmlidXRpb25DZXJ0aWZpY2F0ZSI6eyJkYXRhQmFzZTY0IjoiTUlJTDdnSUJBekNDQzdRR0NTcUdTSWIzRFFFSEFhQ0NDNlVFZ2d1aE1JSUxuVENDQmowR0NTcUdTSWIzRFFFSEFhQ0NCaTRFZ2dZcU1JSUdKakNDQmlJR0N5cUdTSWIzRFFFTUNnRURvSUlGMHpDQ0JjOEdDaXFHU0liM0RRRUpGZ0dnZ2dXL0JJSUZ1ekNDQmJjd2dnU2ZvQU1DQVFJQ0VIa1RjeEhkZ2NkNDRpenMrenRCckh3d0RRWUpLb1pJaHZjTkFRRUxCUUF3ZFRGRU1FSUdBMVVFQXd3N1FYQndiR1VnVjI5eWJHUjNhV1JsSUVSbGRtVnNiM0JsY2lCU1pXeGhkR2x2Ym5NZ1EyVnlkR2xtYVdOaGRHbHZiaUJCZFhSb2IzSnBkSGt4Q3pBSkJnTlZCQXNNQWtjek1STXdFUVlEVlFRS0RBcEJjSEJzWlNCSmJtTXVNUXN3Q1FZRFZRUUdFd0pWVXpBZUZ3MHlOVEV4TWpneE9URXdNRFJhRncweU5qRXhNamd4T1RFd01ETmFNSUdTTVJvd0dBWUtDWkltaVpQeUxHUUJBUXdLV1RnNE5VMVJRa0pRTkRFNU1EY0dBMVVFQXd3d2FWQm9iMjVsSUVScGMzUnlhV0oxZEdsdmJqb2dXbUZqYUdGeWVTQlhZV3h0WlhJZ0tGazRPRFZOVVVKQ1VEUXBNUk13RVFZRFZRUUxEQXBaT0RnMVRWRkNRbEEwTVJjd0ZRWURWUVFLREE1YVlXTm9ZWEo1SUZkaGJHMWxjakVMTUFrR0ExVUVCaE1DVlZNd2dnRWlNQTBHQ1NxR1NJYjNEUUVCQVFVQUE0SUJEd0F3Z2dFS0FvSUJBUUNWTSs0d0JiNy83SWMxa29Yakp0OE1jMTJIZ2FFVDJpM0duNEc4UG1lRUI3Sm1JUUkrMWxwY1pLaWl6aFZ4QWQwaHBJUzBENXY2bHl2NEUvYmhqYnFLMjArL0tpc2ZkcThidTQzWGtQMEozQ3R0VmJzYXR1dXBNVTlDVFdrR1JmR2FYZnFZcjYrRHRLMDdRMDdTaVJTOU1SdVpHZU9oWHR1UEVKY2puT0lySkZxR3llcTJrV2lQSm5ZWkdtT2cxWDh2QXIzKzVubTJYM2ZDSWt1WENhTEM4UmlGcFgrNVRmKzJBUEV5RGVieC9oMitwcHJzNTFDT3RMSXJLRHlQRk9SeE9BYzNIenk5dFVTbnB6L1F1SFk2L0t3Qlp6TlAzWFNYNjRYSCtSMUtQRkQ2SUFJWnIxQzdLdXp3Nzh4NDJuN2VsNEVYY0VIS3V4TnI3cXhra2lLaEFnTUJBQUdqZ2dJak1JSUNIekFNQmdOVkhSTUJBZjhFQWpBQU1COEdBMVVkSXdRWU1CYUFGQW4rd0JXUSthOWtDcElTdVNZb1l3eVg3S2V5TUhBR0NDc0dBUVVGQndFQkJHUXdZakF0QmdnckJnRUZCUWN3QW9ZaGFIUjBjRG92TDJObGNuUnpMbUZ3Y0d4bExtTnZiUzkzZDJSeVp6TXVaR1Z5TURFR0NDc0dBUVVGQnpBQmhpVm9kSFJ3T2k4dmIyTnpjQzVoY0hCc1pTNWpiMjB2YjJOemNEQXpMWGQzWkhKbk16QXlNSUlCSGdZRFZSMGdCSUlCRlRDQ0FSRXdnZ0VOQmdrcWhraUc5Mk5rQlFFd2dmOHdnY01HQ0NzR0FRVUZCd0lDTUlHMkRJR3pVbVZzYVdGdVkyVWdiMjRnZEdocGN5QmpaWEowYVdacFkyRjBaU0JpZVNCaGJua2djR0Z5ZEhrZ1lYTnpkVzFsY3lCaFkyTmxjSFJoYm1ObElHOW1JSFJvWlNCMGFHVnVJR0Z3Y0d4cFkyRmliR1VnYzNSaGJtUmhjbVFnZEdWeWJYTWdZVzVrSUdOdmJtUnBkR2x2Ym5NZ2IyWWdkWE5sTENCalpYSjBhV1pwWTJGMFpTQndiMnhwWTNrZ1lXNWtJR05sY25ScFptbGpZWFJwYjI0Z2NISmhZM1JwWTJVZ2MzUmhkR1Z0Wlc1MGN5NHdOd1lJS3dZQkJRVUhBZ0VXSzJoMGRIQnpPaTh2ZDNkM0xtRndjR3hsTG1OdmJTOWpaWEowYVdacFkyRjBaV0YxZEdodmNtbDBlUzh3RmdZRFZSMGxBUUgvQkF3d0NnWUlLd1lCQlFVSEF3TXdIUVlEVlIwT0JCWUVGSFkrbHhBNmNKV1RtbzNQRmFQM0FwWmwwSTk1TUE0R0ExVWREd0VCL3dRRUF3SUhnREFUQmdvcWhraUc5Mk5rQmdFRUFRSC9CQUlGQURBTkJna3Foa2lHOXcwQkFRc0ZBQU9DQVFFQUFodnNjenlIVXhLVUFJVWR2a3lmTkJYV0s1am1KRHNkcDVXZjRTQXgrUFhwQXpLTXVWcU5SYU1VL0lLK21STjVlSjNBSFExM09RMExoZ2VXZGh6UjJEVmNiYlhmRlRxekZja3FVeENmVmc1WmQyZkpIUW1SL2M1bituYXVTWEQ2ZllxSlFLOGh6a2IrdzRkWk01cUFCM0RBTFVjeVJSWHRicDArenByeWN1QzNTVFBMVGZGNUo3TlV5Q2RMd2M0V084Z0M1azliTGsxeGliVXB4REpuV0ljemtWa0hvZnRla1NOV0kzTzVUOXBQdE1qUElCaHd2c29JRWoxNkNjOVdPYm5SbFdwWm9iS1duQ01LZjNoTUxWMEhISmFKKyt1UGdFcGsySzN3a01Qa2Q5OW1zRWVDWWN0SWRDZ2pQak1NQmpDbCtTUjcremRtaGs1K1pTRE90REU4TUNNR0NTcUdTSWIzRFFFSkZURVdCQlN0bVIrTC9QbmtjTzUrS29BdGxJYWd6NFBBZkRBVkJna3Foa2lHOXcwQkNSUXhDQjRHQUdzQVpRQjVNSUlGV0FZSktvWklodmNOQVFjQm9JSUZTUVNDQlVVd2dnVkJNSUlGUFFZTEtvWklodmNOQVF3S0FRS2dnZ1R1TUlJRTZqQWNCZ29xaGtpRzl3MEJEQUVETUE0RUNOdzkwdXFzQkdVQ0FnSUlBQVNDQk1qS1pIZ2tRemxxSnR0bVplOGtDT0tYL0V2bmVZdHZLZ2R6TFB0RlBIK3kyQkdKTXBxWE9hQm9iRnlTL0d4UUtxeDlPS1ptVVNrOXBaT0N0N0xBcjQ5OGxNVlM1bEtVN0FKc0lkQzhMVjNHblNpakxuLzQ3L1JSZnpULzVlRzFYTmM5N253b2RlaStPNnN4Q1g1NFdXUit5Sk83azJsS0VqclJlZW9oMU1UVG5RMFNkVUhZbkx5bFF0Zk1GaStSRVprUEFzOFJuYWRQVVFHWEQxTUk5T1J0L0V1Vm9TMSsvNXR2bFdpWmRwWmIrbWJ4bzBVckIwOHQydGttSXJSek52dUVSUGg1SjRwS0NqOGV5aTlSTy92cVZIZDNhMlhZQ1ptL3pkWEtCc0pqU0tKV2Q4aHI0UllSMmtTYTBaUG1EOWlVUkEzTWllYVo5MjRYY3p6VFIxQ0daWDVlcGRCalpKOS9PT3A2TEhjek9KVENLK3RYMUJHckh4Z1phQjd4OFNvWVJ5RnRjUDAvUHhBeUF3QUk0T3NoMDVzamNUb1lmL1YzMVJuSThteklFdVhibEU0ak1nSnNKa2tDVFVGN1M4OHU1R2xYT1AzbEZycXZxcDJtWkZwT3I3S0VXWlREenpBc2tNcHhDOUJqcGhPa1BVQWhIdDBBRUtFTVV1N0N5VDJpNkFzQ0FZSHZ5LzRydzVQWnJpTUVDSk8wQ01xLzgxVTlUT2NWaGt5azVWNmltaHVHeDRXS1hCcGhHMURlQ010b2Nkd3BlcGY5VDE3cCtjdWZHYW5wQ2VPMi9OakNDOXM5b3VWV05IakN3Sm5VM0kxdmlxd0hnZG9JN3B2VHhkMGRVKzV4VVZUTDE0d3cxYU0rTnFIZWhwVjN0OEZjK3kzNmRNQXdaMml0OHVPYnJCcTdaNVJ5bU8wbldqRGJ5UldUN2R4cGEwelRxaDBtdGc3N2o5VGQrVWF1RVpmU1RaMEFIRm4vaGthcDBUQ1RTM2N6RFFzeXhtc0k0alkyM2d2N1B0NGF0UGVSUGMvZmd3UjNXVml4UVJxVklybld3aFd5ZC9qNWl5WUx6SzNGOU9BYmZVdnl6TUxFT3dXQ2RSa2UwQTZ6bndyZkJocThSSjd2b2F1b25lMWh5OFVRSlBUTkFiSktNMGRhTTd4V3Z2M0pRR1EwVm1Kdm1yalBoSVFJbyt5M2VrM0g0MktaRjEvbFB4Q1YxTFdUWm94U3ovbTBMVHZ0VnVuTG5HNWZURCtEc3F6eXVTVExQYzBsM1dxeUFlZG9yR1ZLVVpNVEpub0NnM3V2TlA1aVE1MzN3SE15Q2dGUVBtZUxIZFdpbkNpcjZlcnY0akFGdTk3YUk5Sk45RlMvemxBMmxsZG5Pam5iUFdjV1MzeTdCbWNHMmQ4aFNYR3JQMWcwcEFLSDFYRG8vYTZyR2N1RVpsemRqSEdpRUFTdlJwaUJXSlV6N1JIZ0dxTlVCWVVmV1p1UWtvY0Y2YmpvbWtEemkxekdFbVA5eHRnVi9CY2lialRNQ0JoQ05BVFhDQ2ZkaUtDSlduR2h6a2lkV3U5M2luY2dXNGtMNmJyL0RSU1RueXRqcUIveWZpNHZKa0FaRFdZZHhJQiswMUd1QlE5TmtVbG1DN2YvVUk0UU1XR2t6eUtvVUlvaVhMWSsxVUdackkwZmdvSWd3TUVNQmh4emk5REpYc1ltRklTUGp3WkgzRlJLTHpMMUQ1Z3JOTHJEUjd6K3p4MTJ6MjJBTWZRVFU5dGgxYjFXemtwNG5ORCtQTzJzcHhYb3BHUXBIMkY3WktnQzBqTWI0c3Q1MEZILy9Cb3EyVU0xRmkycmlUQ0NpNU44VHBsNExqZVdvU0xBVld1STRGRkRRUXgxeXRoaTllcGZQMWVSbURZWkNDQk0yMFV1MDFTL1V4cHpFbzBvUUt0S2NFTTJzS0pWOGttMDFiazlBNytqZ0ZYc1diWnVOVEpQK21LQzRZekQ0VFhJQVpOWUFsMG8xT2g0WE9Ic1R4TVR6cGdDYjhOOS9DL0kwRS82UnR6TlZKa0tlSkxidHRrSmxQUzhuRTRXZy9yWlNBelNleGlSOFJRa0diQ25VS0M3SzhYZE5zOVdjdkN5QnNzVUEyalpHb1QwQXBKcU92WE10WnlnNnJmNU1NRVFsUGJUZU1neFBEQWpCZ2txaGtpRzl3MEJDUlV4RmdRVXJaa2ZpL3o1NUhEdWZpcUFMWlNHb00rRHdId3dGUVlKS29aSWh2Y05BUWtVTVFnZUJnQnJBR1VBZVRBeE1DRXdDUVlGS3c0REFob0ZBQVFVYkRHZ0ZpbG1WSGdCbWx6MmJCZnVhUFBEZWtRRUNPUnhxSmRoSDF4ZkFnSUlBQT09IiwicGFzc3dvcmQiOiIvUFZvaVRuVjJsY3A3NUs1SlRIOTBnPT0ifX19fSwidXBkYXRlcyI6e30sInNjaGVtZSI6Ik5ldXJvQmxvb20iLCJ1c2VybmFtZSI6IndhbG1lcnoiLCJleHBlcmltZW50YWwiOnt9LCJtb2RlIjoiYnVpbGQiLCJ0cmlnZ2VyZWRCeSI6IkVBU19DTEkiLCJhcHBJZCI6IjE0YWYzZGU3LWMwMjEtNDgzYy1hMjMzLTRmZjUzMjQ1YmNjMSIsImluaXRpYXRpbmdVc2VySWQiOiI1YjEzNzAwZS1lYjExLTRhNDUtYmNmYi1iMmJjNGVlOGZhMDEifSwibWV0YWRhdGEiOnsidHJhY2tpbmdDb250ZXh0Ijp7InRyYWNraW5nX2lkIjoiZWU0MjlkMDMtODE0Ny00Njk5LWI2YjMtNmFhYjA0YWNmZDc1IiwicGxhdGZvcm0iOiJpb3MiLCJzZGtfdmVyc2lvbiI6IjU0LjAuMCIsImFjY291bnRfaWQiOiI1YmRmNDllMy00OTZkLTQxMTYtYjVjMC1hZTUwNTBhYzNhODUiLCJwcm9qZWN0X2lkIjoiMTRhZjNkZTctYzAyMS00ODNjLWEyMzMtNGZmNTMyNDViY2MxIiwicHJvamVjdF90eXBlIjoibWFuYWdlZCIsImRldl9jbGllbnQiOmZhbHNlLCJub193YWl0IjpmYWxzZSwicnVuX2Zyb21fY2kiOmZhbHNlLCJsb2NhbCI6dHJ1ZX0sImFwcEJ1aWxkVmVyc2lvbiI6IjExIiwiYXBwVmVyc2lvbiI6IjEuMC4wIiwiY2xpVmVyc2lvbiI6IjE2LjI4LjAiLCJ3b3JrZmxvdyI6Im1hbmFnZWQiLCJjcmVkZW50aWFsc1NvdXJjZSI6InJlbW90ZSIsInNka1ZlcnNpb24iOiI1NC4wLjAiLCJmaW5nZXJwcmludEhhc2giOiIyOTlmMGJmODA1ZjJlM2U5M2UzNjNiZDU4MWRhMzgwNDViZWE0YjllIiwicmVhY3ROYXRpdmVWZXJzaW9uIjoiMC44MS41IiwiZGlzdHJpYnV0aW9uIjoic3RvcmUiLCJhcHBOYW1lIjoiTmV1cm9CbG9vbSIsImFwcElkZW50aWZpZXIiOiJjb20ubmV1cm9ibG9vbS5hcHAiLCJidWlsZFByb2ZpbGUiOiJwcm9kdWN0aW9uIiwiZ2l0Q29tbWl0SGFzaCI6ImZlOWFkZGIxYzFjNmFlNGFkMmMxODU2NWQyMmJjYWNiOGEwZTRlODAiLCJnaXRDb21taXRNZXNzYWdlIjoiUHJlcGFyZSBmb3IgVGVzdEZsaWdodCBidWlsZCAxMSIsImlzR2l0V29ya2luZ1RyZWVEaXJ0eSI6dHJ1ZSwidXNlcm5hbWUiOiJ3YWxtZXJ6IiwicnVuV2l0aE5vV2FpdEZsYWciOmZhbHNlLCJydW5Gcm9tQ0kiOmZhbHNlLCJkZXZlbG9wbWVudENsaWVudCI6ZmFsc2UsInJlcXVpcmVkUGFja2FnZU1hbmFnZXIiOiJucG0iLCJzaW11bGF0b3IiOmZhbHNlfX0= exited with non-zero code: 1
    Error: build command failed.
